[    0.000000] Linux version 5.3.0-40-generic (buildd@lcy01-amd64-024) (gcc version 7.4.0 (Ubuntu 7.4.0-1ubuntu1~18.04.1)) #32~18.04.1-Ubuntu SMP Mon Feb 3 14:05:59 UTC 2020 (Ubuntu 5.3.0-40.32~18.04.1-generic 5.3.18)
[    0.000000] Command line: BOOT_IMAGE=/boot/vmlinuz-5.3.0-40-generic root=UUID=e178121a-c999-4421-b4ef-8fe8c19eb92a ro quiet splash
[    0.000000] KERNEL supported cpus:
[    0.000000]   Intel GenuineIntel
[    0.000000]   AMD AuthenticAMD
[    0.000000]   Hygon HygonGenuine
[    0.000000]   Centaur CentaurHauls
[    0.000000]   zhaoxin   Shanghai  
[    0.000000] x86/fpu: Supporting XSAVE feature 0x001: 'x87 floating point registers'
[    0.000000] x86/fpu: Supporting XSAVE feature 0x002: 'SSE registers'
[    0.000000] x86/fpu: Supporting XSAVE feature 0x004: 'AVX registers'
[    0.000000] x86/fpu: xstate_offset[2]:  576, xstate_sizes[2]:  256
[    0.000000] x86/fpu: Enabled xstate features 0x7, context size is 832 bytes, using 'standard' format.
[    0.000000] BIOS-provided physical RAM map:
[    0.000000] BIOS-e820: [mem 0x0000000000000000-0x000000000009fbff] usable
[    0.000000] BIOS-e820: [mem 0x000000000009fc00-0x000000000009ffff] reserved
[    0.000000] BIOS-e820: [mem 0x00000000000f0000-0x00000000000fffff] reserved
[    0.000000] BIOS-e820: [mem 0x0000000000100000-0x00000000dffeffff] usable
[    0.000000] BIOS-e820: [mem 0x00000000dfff0000-0x00000000dfffffff] ACPI data
[    0.000000] BIOS-e820: [mem 0x00000000fec00000-0x00000000fec00fff] reserved
[    0.000000] BIOS-e820: [mem 0x00000000fee00000-0x00000000fee00fff] reserved
[    0.000000] BIOS-e820: [mem 0x00000000fffc0000-0x00000000ffffffff] reserved
[    0.000000] BIOS-e820: [mem 0x0000000100000000-0x000000015fcfffff] usable
[    0.000000] NX (Execute Disable) protection: active
[    0.000000] SMBIOS 2.5 present.
[    0.000000] DMI: innotek GmbH VirtualBox/VirtualBox, BIOS VirtualBox 12/01/2006
[    0.000000] Hypervisor detected: KVM
[    0.000000] kvm-clock: Using msrs 4b564d01 and 4b564d00
[    0.000000] kvm-clock: cpu 0, msr 11d001001, primary cpu clock
[    0.000000] kvm-clock: using sched offset of 4589491127 cycles
[    0.000002] clocksource: kvm-clock: mask: 0xffffffffffffffff max_cycles: 0x1cd42e4dffb, max_idle_ns: 881590591483 ns
[    0.000003] tsc: Detected 2208.002 MHz processor
[    0.003134] e820: update [mem 0x00000000-0x00000fff] usable ==> reserved
[    0.003135] e820: remove [mem 0x000a0000-0x000fffff] usable
[    0.003140] last_pfn = 0x15fd00 max_arch_pfn = 0x400000000
[    0.003148] MTRR default type: uncachable
[    0.003149] MTRR variable ranges disabled:
[    0.003151] Disabled
[    0.003152] x86/PAT: MTRRs disabled, skipping PAT initialization too.
[    0.003154] CPU MTRRs all blank - virtualized system.
[    0.003156] x86/PAT: Configuration [0-7]: WB  WT  UC- UC  WB  WT  UC- UC  
[    0.003159] last_pfn = 0xdfff0 max_arch_pfn = 0x400000000
[    0.003195] found SMP MP-table at [mem 0x0009fff0-0x0009ffff]
[    0.084672] check: Scanning 1 areas for low memory corruption
[    0.084693] BRK [0x11d201000, 0x11d201fff] PGTABLE
[    0.084694] BRK [0x11d202000, 0x11d202fff] PGTABLE
[    0.084695] BRK [0x11d203000, 0x11d203fff] PGTABLE
[    0.084732] BRK [0x11d204000, 0x11d204fff] PGTABLE
[    0.084733] BRK [0x11d205000, 0x11d205fff] PGTABLE
[    0.084802] BRK [0x11d206000, 0x11d206fff] PGTABLE
[    0.084883] BRK [0x11d207000, 0x11d207fff] PGTABLE
[    0.084907] BRK [0x11d208000, 0x11d208fff] PGTABLE
[    0.084931] BRK [0x11d209000, 0x11d209fff] PGTABLE
[    0.084971] BRK [0x11d20a000, 0x11d20afff] PGTABLE
[    0.085046] BRK [0x11d20b000, 0x11d20bfff] PGTABLE
[    0.085095] RAMDISK: [mem 0x330d7000-0x35862fff]
[    0.085104] ACPI: Early table checksum verification disabled
[    0.085107] ACPI: RSDP 0x00000000000E0000 000024 (v02 VBOX  )
[    0.085110] ACPI: XSDT 0x00000000DFFF0030 00003C (v01 VBOX   VBOXXSDT 00000001 ASL  00000061)
[    0.085114] ACPI: FACP 0x00000000DFFF00F0 0000F4 (v04 VBOX   VBOXFACP 00000001 ASL  00000061)
[    0.085118] ACPI: DSDT 0x00000000DFFF0470 002325 (v02 VBOX   VBOXBIOS 00000002 INTL 20100528)
[    0.085121] ACPI: FACS 0x00000000DFFF0200 000040
[    0.085123] ACPI: FACS 0x00000000DFFF0200 000040
[    0.085125] ACPI: APIC 0x00000000DFFF0240 000054 (v02 VBOX   VBOXAPIC 00000001 ASL  00000061)
[    0.085128] ACPI: SSDT 0x00000000DFFF02A0 0001CC (v01 VBOX   VBOXCPUT 00000002 INTL 20100528)
[    0.085134] ACPI: Local APIC address 0xfee00000
[    0.085330] No NUMA configuration found
[    0.085331] Faking a node at [mem 0x0000000000000000-0x000000015fcfffff]
[    0.085337] NODE_DATA(0) allocated [mem 0x15fcd5000-0x15fcfffff]
[    0.086044] Zone ranges:
[    0.086045]   DMA      [mem 0x0000000000001000-0x0000000000ffffff]
[    0.086046]   DMA32    [mem 0x0000000001000000-0x00000000ffffffff]
[    0.086047]   Normal   [mem 0x0000000100000000-0x000000015fcfffff]
[    0.086048]   Device   empty
[    0.086049] Movable zone start for each node
[    0.086051] Early memory node ranges
[    0.086052]   node   0: [mem 0x0000000000001000-0x000000000009efff]
[    0.086053]   node   0: [mem 0x0000000000100000-0x00000000dffeffff]
[    0.086054]   node   0: [mem 0x0000000100000000-0x000000015fcfffff]
[    0.086989] Zeroed struct page in unavailable ranges: 114 pages
[    0.086990] Initmem setup node 0 [mem 0x0000000000001000-0x000000015fcfffff]
[    0.086991] On node 0 totalpages: 1309838
[    0.086992]   DMA zone: 64 pages used for memmap
[    0.086993]   DMA zone: 21 pages reserved
[    0.086994]   DMA zone: 3998 pages, LIFO batch:0
[    0.087042]   DMA32 zone: 14272 pages used for memmap
[    0.087043]   DMA32 zone: 913392 pages, LIFO batch:63
[    0.110400]   Normal zone: 6132 pages used for memmap
[    0.110402]   Normal zone: 392448 pages, LIFO batch:63
[    0.120747] ACPI: PM-Timer IO Port: 0x4008
[    0.120750] ACPI: Local APIC address 0xfee00000
[    0.120799] IOAPIC[0]: apic_id 1, version 32, address 0xfec00000, GSI 0-23
[    0.120801] ACPI: INT_SRC_OVR (bus 0 bus_irq 0 global_irq 2 dfl dfl)
[    0.120803] ACPI: INT_SRC_OVR (bus 0 bus_irq 9 global_irq 9 low level)
[    0.120804] ACPI: IRQ0 used by override.
[    0.120805] ACPI: IRQ9 used by override.
[    0.120807] Using ACPI (MADT) for SMP configuration information
[    0.120812] smpboot: Allowing 1 CPUs, 0 hotplug CPUs
[    0.120830] PM: Registered nosave memory: [mem 0x00000000-0x00000fff]
[    0.120831] PM: Registered nosave memory: [mem 0x0009f000-0x0009ffff]
[    0.120832] PM: Registered nosave memory: [mem 0x000a0000-0x000effff]
[    0.120833] PM: Registered nosave memory: [mem 0x000f0000-0x000fffff]
[    0.120834] PM: Registered nosave memory: [mem 0xdfff0000-0xdfffffff]
[    0.120834] PM: Registered nosave memory: [mem 0xe0000000-0xfebfffff]
[    0.120835] PM: Registered nosave memory: [mem 0xfec00000-0xfec00fff]
[    0.120835] PM: Registered nosave memory: [mem 0xfec01000-0xfedfffff]
[    0.120836] PM: Registered nosave memory: [mem 0xfee00000-0xfee00fff]
[    0.120837] PM: Registered nosave memory: [mem 0xfee01000-0xfffbffff]
[    0.120837] PM: Registered nosave memory: [mem 0xfffc0000-0xffffffff]
[    0.120839] [mem 0xe0000000-0xfebfffff] available for PCI devices
[    0.120839] Booting paravirtualized kernel on KVM
[    0.120842] clocksource: refined-jiffies: mask: 0xffffffff max_cycles: 0xffffffff, max_idle_ns: 7645519600211568 ns
[    0.120846] setup_percpu: NR_CPUS:8192 nr_cpumask_bits:1 nr_cpu_ids:1 nr_node_ids:1
[    0.121334] percpu: Embedded 54 pages/cpu s184320 r8192 d28672 u2097152
[    0.121338] pcpu-alloc: s184320 r8192 d28672 u2097152 alloc=1*2097152
[    0.121339] pcpu-alloc: [0] 0 
[    0.121360] Built 1 zonelists, mobility grouping on.  Total pages: 1289349
[    0.121361] Policy zone: Normal
[    0.121362] Kernel command line: BOOT_IMAGE=/boot/vmlinuz-5.3.0-40-generic root=UUID=e178121a-c999-4421-b4ef-8fe8c19eb92a ro quiet splash
[    0.123309] Dentry cache hash table entries: 1048576 (order: 11, 8388608 bytes, linear)
[    0.124361] Inode-cache hash table entries: 524288 (order: 10, 4194304 bytes, linear)
[    0.124392] mem auto-init: stack:off, heap alloc:on, heap free:off
[    0.134085] Calgary: detecting Calgary via BIOS EBDA area
[    0.134087] Calgary: Unable to locate Rio Grande table in EBDA - bailing!
[    0.142063] Memory: 5004164K/5239352K available (14339K kernel code, 2369K rwdata, 4664K rodata, 2660K init, 5076K bss, 235188K reserved, 0K cma-reserved)
[    0.142646] SLUB: HWalign=64, Order=0-3, MinObjects=0, CPUs=1, Nodes=1
[    0.142658] Kernel/User page tables isolation: enabled
[    0.142671] ftrace: allocating 42886 entries in 168 pages
[    0.161278] rcu: Hierarchical RCU implementation.
[    0.161280] rcu: 	RCU restricting CPUs from NR_CPUS=8192 to nr_cpu_ids=1.
[    0.161280] 	Tasks RCU enabled.
[    0.161281] rcu: RCU calculated value of scheduler-enlistment delay is 25 jiffies.
[    0.161282] rcu: Adjusting geometry for rcu_fanout_leaf=16, nr_cpu_ids=1
[    0.164541] NR_IRQS: 524544, nr_irqs: 256, preallocated irqs: 16
[    0.164727] random: crng done (trusting CPU's manufacturer)
[    0.172327] Console: colour VGA+ 80x25
[    0.172330] printk: console [tty0] enabled
[    0.172342] ACPI: Core revision 20190703
[    0.172416] APIC: Switch to symmetric I/O mode setup
[    0.172623] x2apic enabled
[    0.172824] Switched APIC routing to physical x2apic.
[    0.173778] ..TIMER: vector=0x30 apic1=0 pin1=2 apic2=-1 pin2=-1
[    0.173797] clocksource: tsc-early: mask: 0xffffffffffffffff max_cycles: 0x1fd3ba1610f, max_idle_ns: 440795284337 ns
[    0.173801] Calibrating delay loop (skipped) preset value.. 4416.00 BogoMIPS (lpj=8832008)
[    0.173802] pid_max: default: 32768 minimum: 301
[    0.173828] LSM: Security Framework initializing
[    0.173835] Yama: becoming mindful.
[    0.173847] AppArmor: AppArmor initialized
[    0.173877] Mount-cache hash table entries: 16384 (order: 5, 131072 bytes, linear)
[    0.173885] Mountpoint-cache hash table entries: 16384 (order: 5, 131072 bytes, linear)
[    0.173994] *** VALIDATE proc ***
[    0.174025] *** VALIDATE cgroup1 ***
[    0.174026] *** VALIDATE cgroup2 ***
[    0.174139] process: using mwait in idle threads
[    0.174143] Last level iTLB entries: 4KB 64, 2MB 8, 4MB 8
[    0.174144] Last level dTLB entries: 4KB 64, 2MB 0, 4MB 0, 1GB 4
[    0.174146] Spectre V1 : Mitigation: usercopy/swapgs barriers and __user pointer sanitization
[    0.174147] Spectre V2 : Mitigation: Full generic retpoline
[    0.174147] Spectre V2 : Spectre v2 / SpectreRSB mitigation: Filling RSB on context switch
[    0.174148] Speculative Store Bypass: Vulnerable
[    0.174150] MDS: Vulnerable: Clear CPU buffers attempted, no microcode
[    0.180190] Freeing SMP alternatives memory: 40K
[    0.289300] smpboot: CPU0: Intel(R) Core(TM) i7-8750H CPU @ 2.20GHz (family: 0x6, model: 0x9e, stepping: 0xa)
[    0.289400] Performance Events: unsupported p6 CPU model 158 no PMU driver, software events only.
[    0.289422] rcu: Hierarchical SRCU implementation.
[    0.289799] NMI watchdog: Perf NMI watchdog permanently disabled
[    0.289799] smp: Bringing up secondary CPUs ...
[    0.289799] smp: Brought up 1 node, 1 CPU
[    0.289799] smpboot: Max logical packages: 1
[    0.289799] smpboot: Total of 1 processors activated (4416.00 BogoMIPS)
[    0.289799] devtmpfs: initialized
[    0.289799] x86/mm: Memory block size: 128MB
[    0.289799] clocksource: jiffies: mask: 0xffffffff max_cycles: 0xffffffff, max_idle_ns: 7645041785100000 ns
[    0.289799] futex hash table entries: 256 (order: 2, 16384 bytes, linear)
[    0.289799] pinctrl core: initialized pinctrl subsystem
[    0.289799] PM: RTC time: 10:42:42, date: 2020-03-07
[    0.289799] NET: Registered protocol family 16
[    0.289799] audit: initializing netlink subsys (disabled)
[    0.289799] EISA bus registered
[    0.289799] cpuidle: using governor ladder
[    0.289799] cpuidle: using governor menu
[    0.289799] ACPI: bus type PCI registered
[    0.289799] acpiphp: ACPI Hot Plug PCI Controller Driver version: 0.5
[    0.289799] PCI: Using configuration type 1 for base access
[    0.289799] audit: type=2000 audit(1583577769.031:1): state=initialized audit_enabled=0 res=1
[    0.289799] HugeTLB registered 2.00 MiB page size, pre-allocated 0 pages
[    0.290798] ACPI: Added _OSI(Module Device)
[    0.290799] ACPI: Added _OSI(Processor Device)
[    0.290799] ACPI: Added _OSI(3.0 _SCP Extensions)
[    0.290800] ACPI: Added _OSI(Processor Aggregator Device)
[    0.290801] ACPI: Added _OSI(Linux-Dell-Video)
[    0.290801] ACPI: Added _OSI(Linux-Lenovo-NV-HDMI-Audio)
[    0.290802] ACPI: Added _OSI(Linux-HPI-Hybrid-Graphics)
[    0.293085] ACPI: 2 ACPI AML tables successfully acquired and loaded
[    0.295241] ACPI: Interpreter enabled
[    0.295249] ACPI: (supports S0 S5)
[    0.295250] ACPI: Using IOAPIC for interrupt routing
[    0.295473] PCI: Using host bridge windows from ACPI; if necessary, use "pci=nocrs" and report a bug
[    0.295579] ACPI: Enabled 2 GPEs in block 00 to 07
[    0.300127] ACPI: PCI Root Bridge [PCI0] (domain 0000 [bus 00-ff])
[    0.300130] acpi PNP0A03:00: _OSC: OS supports [ASPM ClockPM Segments MSI HPX-Type3]
[    0.300624] acpi PNP0A03:00: _OSC: not requesting OS control; OS requires [ExtendedConfig ASPM ClockPM MSI]
[    0.300631] acpi PNP0A03:00: fail to add MMCONFIG information, can't access extended PCI configuration space under this bridge.
[    0.300969] PCI host bridge to bus 0000:00
[    0.300970] pci_bus 0000:00: root bus resource [io  0x0000-0x0cf7 window]
[    0.300971] pci_bus 0000:00: root bus resource [io  0x0d00-0xffff window]
[    0.300972] pci_bus 0000:00: root bus resource [mem 0x000a0000-0x000bffff window]
[    0.300973] pci_bus 0000:00: root bus resource [mem 0xe0000000-0xfdffffff window]
[    0.300974] pci_bus 0000:00: root bus resource [bus 00-ff]
[    0.301011] pci 0000:00:00.0: [8086:1237] type 00 class 0x060000
[    0.301830] pci 0000:00:01.0: [8086:7000] type 00 class 0x060100
[    0.302494] pci 0000:00:01.1: [8086:7111] type 00 class 0x01018a
[    0.302816] pci 0000:00:01.1: reg 0x20: [io  0xd000-0xd00f]
[    0.302950] pci 0000:00:01.1: legacy IDE quirk: reg 0x10: [io  0x01f0-0x01f7]
[    0.302950] pci 0000:00:01.1: legacy IDE quirk: reg 0x14: [io  0x03f6]
[    0.302951] pci 0000:00:01.1: legacy IDE quirk: reg 0x18: [io  0x0170-0x0177]
[    0.302952] pci 0000:00:01.1: legacy IDE quirk: reg 0x1c: [io  0x0376]
[    0.303437] pci 0000:00:02.0: [15ad:0405] type 00 class 0x030000
[    0.305979] pci 0000:00:02.0: reg 0x10: [io  0xd010-0xd01f]
[    0.307702] pci 0000:00:02.0: reg 0x14: [mem 0xf0000000-0xf0ffffff pref]
[    0.309432] pci 0000:00:02.0: reg 0x18: [mem 0xf1000000-0xf11fffff]
[    0.316187] pci 0000:00:03.0: [8086:100e] type 00 class 0x020000
[    0.317857] pci 0000:00:03.0: reg 0x10: [mem 0xf1200000-0xf121ffff]
[    0.320904] pci 0000:00:03.0: reg 0x18: [io  0xd020-0xd027]
[    0.328061] pci 0000:00:04.0: [80ee:cafe] type 00 class 0x088000
[    0.329857] pci 0000:00:04.0: reg 0x10: [io  0xd040-0xd05f]
[    0.331350] pci 0000:00:04.0: reg 0x14: [mem 0xf1400000-0xf17fffff]
[    0.332844] pci 0000:00:04.0: reg 0x18: [mem 0xf1800000-0xf1803fff pref]
[    0.338375] pci 0000:00:05.0: [8086:2415] type 00 class 0x040100
[    0.338492] pci 0000:00:05.0: reg 0x10: [io  0xd100-0xd1ff]
[    0.338550] pci 0000:00:05.0: reg 0x14: [io  0xd200-0xd23f]
[    0.339341] pci 0000:00:06.0: [106b:003f] type 00 class 0x0c0310
[    0.340904] pci 0000:00:06.0: reg 0x10: [mem 0xf1804000-0xf1804fff]
[    0.354381] pci 0000:00:07.0: [8086:7113] type 00 class 0x068000
[    0.354882] pci 0000:00:07.0: quirk: [io  0x4000-0x403f] claimed by PIIX4 ACPI
[    0.354892] pci 0000:00:07.0: quirk: [io  0x4100-0x410f] claimed by PIIX4 SMB
[    0.357184] pci 0000:00:0d.0: [8086:2829] type 00 class 0x010601
[    0.357893] pci 0000:00:0d.0: reg 0x10: [io  0xd240-0xd247]
[    0.361873] pci 0000:00:0d.0: reg 0x14: [io  0xd248-0xd24b]
[    0.364528] pci 0000:00:0d.0: reg 0x18: [io  0xd250-0xd257]
[    0.365887] pci 0000:00:0d.0: reg 0x1c: [io  0xd258-0xd25b]
[    0.369893] pci 0000:00:0d.0: reg 0x20: [io  0xd260-0xd26f]
[    0.373817] pci 0000:00:0d.0: reg 0x24: [mem 0xf1806000-0xf1807fff]
[    0.383087] ACPI: PCI Interrupt Link [LNKA] (IRQs 5 9 10 *11)
[    0.383399] ACPI: PCI Interrupt Link [LNKB] (IRQs 5 9 *10 11)
[    0.383505] ACPI: PCI Interrupt Link [LNKC] (IRQs 5 *9 10 11)
[    0.383610] ACPI: PCI Interrupt Link [LNKD] (IRQs 5 9 10 *11)
[    0.383906] SCSI subsystem initialized
[    0.383928] libata version 3.00 loaded.
[    0.383966] pci 0000:00:02.0: vgaarb: setting as boot VGA device
[    0.383968] pci 0000:00:02.0: vgaarb: VGA device added: decodes=io+mem,owns=io+mem,locks=none
[    0.383970] pci 0000:00:02.0: vgaarb: bridge control possible
[    0.383970] vgaarb: loaded
[    0.383985] ACPI: bus type USB registered
[    0.383997] usbcore: registered new interface driver usbfs
[    0.384002] usbcore: registered new interface driver hub
[    0.384006] usbcore: registered new device driver usb
[    0.384025] pps_core: LinuxPPS API ver. 1 registered
[    0.384025] pps_core: Software ver. 5.3.6 - Copyright 2005-2007 Rodolfo Giometti <giometti@linux.it>
[    0.384026] PTP clock support registered
[    0.384050] EDAC MC: Ver: 3.0.0
[    0.384285] PCI: Using ACPI for IRQ routing
[    0.384286] PCI: pci_cache_line_size set to 64 bytes
[    0.384453] e820: reserve RAM buffer [mem 0x0009fc00-0x0009ffff]
[    0.384454] e820: reserve RAM buffer [mem 0xdfff0000-0xdfffffff]
[    0.384454] e820: reserve RAM buffer [mem 0x15fd00000-0x15fffffff]
[    0.384528] NetLabel: Initializing
[    0.384528] NetLabel:  domain hash size = 128
[    0.384528] NetLabel:  protocols = UNLABELED CIPSOv4 CALIPSO
[    0.384542] NetLabel:  unlabeled traffic allowed by default
[    0.385016] clocksource: Switched to clocksource kvm-clock
[    0.392527] VFS: Disk quotas dquot_6.6.0
[    0.392538] VFS: Dquot-cache hash table entries: 512 (order 0, 4096 bytes)
[    0.392558] *** VALIDATE hugetlbfs ***
[    0.392615] AppArmor: AppArmor Filesystem Enabled
[    0.392634] pnp: PnP ACPI init
[    0.392691] pnp 00:00: Plug and Play ACPI device, IDs PNP0303 (active)
[    0.392750] pnp 00:01: Plug and Play ACPI device, IDs PNP0f03 (active)
[    0.393514] pnp: PnP ACPI: found 2 devices
[    0.394366] thermal_sys: Registered thermal governor 'fair_share'
[    0.394366] thermal_sys: Registered thermal governor 'bang_bang'
[    0.394367] thermal_sys: Registered thermal governor 'step_wise'
[    0.394367] thermal_sys: Registered thermal governor 'user_space'
[    0.394368] thermal_sys: Registered thermal governor 'power_allocator'
[    0.398879] clocksource: acpi_pm: mask: 0xffffff max_cycles: 0xffffff, max_idle_ns: 2085701024 ns
[    0.398913] pci_bus 0000:00: resource 4 [io  0x0000-0x0cf7 window]
[    0.398914] pci_bus 0000:00: resource 5 [io  0x0d00-0xffff window]
[    0.398915] pci_bus 0000:00: resource 6 [mem 0x000a0000-0x000bffff window]
[    0.398916] pci_bus 0000:00: resource 7 [mem 0xe0000000-0xfdffffff window]
[    0.398963] NET: Registered protocol family 2
[    0.399070] tcp_listen_portaddr_hash hash table entries: 4096 (order: 4, 65536 bytes, linear)
[    0.399601] TCP established hash table entries: 65536 (order: 7, 524288 bytes, linear)
[    0.399667] TCP bind hash table entries: 65536 (order: 8, 1048576 bytes, linear)
[    0.399719] TCP: Hash tables configured (established 65536 bind 65536)
[    0.399739] UDP hash table entries: 4096 (order: 5, 131072 bytes, linear)
[    0.399751] UDP-Lite hash table entries: 4096 (order: 5, 131072 bytes, linear)
[    0.399805] NET: Registered protocol family 1
[    0.399808] NET: Registered protocol family 44
[    0.399829] pci 0000:00:00.0: Limiting direct PCI/PCI transfers
[    0.399840] pci 0000:00:01.0: Activating ISA DMA hang workarounds
[    0.399887] pci 0000:00:02.0: Video device with shadowed ROM at [mem 0x000c0000-0x000dffff]
[    0.401211] PCI: CLS 0 bytes, default 64
[    0.401242] Trying to unpack rootfs image as initramfs...
[    0.779426] Freeing initrd memory: 40496K
[    0.779442] PCI-DMA: Using software bounce buffering for IO (SWIOTLB)
[    0.779444] software IO TLB: mapped [mem 0xdbff0000-0xdfff0000] (64MB)
[    0.779481] clocksource: tsc: mask: 0xffffffffffffffff max_cycles: 0x1fd3ba1610f, max_idle_ns: 440795284337 ns
[    0.779489] clocksource: Switched to clocksource tsc
[    0.779514] platform rtc_cmos: registered platform RTC device (no PNP device found)
[    0.779530] check: Scanning for low memory corruption every 60 seconds
[    0.780464] Initialise system trusted keyrings
[    0.780470] Key type blacklist registered
[    0.780486] workingset: timestamp_bits=36 max_order=21 bucket_order=0
[    0.781662] zbud: loaded
[    0.781947] squashfs: version 4.0 (2009/01/31) Phillip Lougher
[    0.782056] fuse: init (API version 7.31)
[    0.782152] Platform Keyring initialized
[    0.784745] Key type asymmetric registered
[    0.784746] Asymmetric key parser 'x509' registered
[    0.784751] Block layer SCSI generic (bsg) driver version 0.4 loaded (major 244)
[    0.784765] io scheduler mq-deadline registered
[    0.784834] shpchp: Standard Hot Plug PCI Controller Driver version: 0.4
[    0.784971] ACPI: AC Adapter [AC] (on-line)
[    0.785004] input: Power Button as /devices/LNXSYSTM:00/LNXPWRBN:00/input/input0
[    0.785012] ACPI: Power Button [PWRF]
[    0.785066] input: Sleep Button as /devices/LNXSYSTM:00/LNXSLPBN:00/input/input1
[    0.785072] ACPI: Sleep Button [SLPF]
[    0.785954] battery: ACPI: Battery Slot [BAT0] (battery present)
[    0.785976] Serial: 8250/16550 driver, 32 ports, IRQ sharing enabled
[    0.787520] Linux agpgart interface v0.103
[    0.789053] loop: module loaded
[    0.789141] ata_piix 0000:00:01.1: version 2.13
[    0.789452] scsi host0: ata_piix
[    0.789519] scsi host1: ata_piix
[    0.789543] ata1: PATA max UDMA/33 cmd 0x1f0 ctl 0x3f6 bmdma 0xd000 irq 14
[    0.789544] ata2: PATA max UDMA/33 cmd 0x170 ctl 0x376 bmdma 0xd008 irq 15
[    0.789597] libphy: Fixed MDIO Bus: probed
[    0.789598] tun: Universal TUN/TAP device driver, 1.6
[    0.789806] PPP generic driver version 2.4.2
[    0.789820] ehci_hcd: USB 2.0 'Enhanced' Host Controller (EHCI) Driver
[    0.789820] ehci-pci: EHCI PCI platform driver
[    0.789820] ehci-platform: EHCI generic platform driver
[    0.789820] ohci_hcd: USB 1.1 'Open' Host Controller (OHCI) Driver
[    0.789820] ohci-pci: OHCI PCI platform driver
[    0.790446] ohci-pci 0000:00:06.0: OHCI PCI host controller
[    0.790450] ohci-pci 0000:00:06.0: new USB bus registered, assigned bus number 1
[    0.790498] ohci-pci 0000:00:06.0: irq 22, io mem 0xf1804000
[    0.851610] usb usb1: New USB device found, idVendor=1d6b, idProduct=0001, bcdDevice= 5.03
[    0.851614] usb usb1: New USB device strings: Mfr=3, Product=2, SerialNumber=1
[    0.851617] usb usb1: Product: OHCI PCI host controller
[    0.851619] usb usb1: Manufacturer: Linux 5.3.0-40-generic ohci_hcd
[    0.851622] usb usb1: SerialNumber: 0000:00:06.0
[    0.851807] hub 1-0:1.0: USB hub found
[    0.851837] hub 1-0:1.0: 12 ports detected
[    0.852709] ohci-platform: OHCI generic platform driver
[    0.852725] uhci_hcd: USB Universal Host Controller Interface driver
[    0.852824] i8042: PNP: PS/2 Controller [PNP0303:PS2K,PNP0f03:PS2M] at 0x60,0x64 irq 1,12
[    0.853720] serio: i8042 KBD port at 0x60,0x64 irq 1
[    0.853781] serio: i8042 AUX port at 0x60,0x64 irq 12
[    0.853926] mousedev: PS/2 mouse device common for all mice
[    0.854516] input: AT Translated Set 2 keyboard as /devices/platform/i8042/serio0/input/input2
[    0.855422] rtc_cmos rtc_cmos: registered as rtc0
[    0.855454] rtc_cmos rtc_cmos: alarms up to one day, 114 bytes nvram
[    0.855467] i2c /dev entries driver
[    0.855548] device-mapper: uevent: version 1.0.3
[    0.855665] device-mapper: ioctl: 4.40.0-ioctl (2019-01-18) initialised: dm-devel@redhat.com
[    0.855702] platform eisa.0: Probing EISA bus 0
[    0.855705] platform eisa.0: EISA: Cannot allocate resource for mainboard
[    0.855708] platform eisa.0: Cannot allocate resource for EISA slot 1
[    0.855710] platform eisa.0: Cannot allocate resource for EISA slot 2
[    0.855712] platform eisa.0: Cannot allocate resource for EISA slot 3
[    0.855715] platform eisa.0: Cannot allocate resource for EISA slot 4
[    0.855717] platform eisa.0: Cannot allocate resource for EISA slot 5
[    0.855719] platform eisa.0: Cannot allocate resource for EISA slot 6
[    0.855721] platform eisa.0: Cannot allocate resource for EISA slot 7
[    0.855723] platform eisa.0: Cannot allocate resource for EISA slot 8
[    0.855726] platform eisa.0: EISA: Detected 0 cards
[    0.855729] intel_pstate: CPU model not supported
[    0.855745] ledtrig-cpu: registered to indicate activity on CPUs
[    0.855912] intel_pmc_core intel_pmc_core.0:  initialized
[    0.856248] NET: Registered protocol family 10
[    0.859966] Segment Routing with IPv6
[    0.859993] NET: Registered protocol family 17
[    0.860012] Key type dns_resolver registered
[    0.860082] RAS: Correctable Errors collector initialized.
[    0.860088] sched_clock: Marking stable (848752212, 9106273)->(863245766, -5387281)
[    0.860156] registered taskstats version 1
[    0.860162] Loading compiled-in X.509 certificates
[    0.861184] Loaded X.509 cert 'Build time autogenerated kernel key: 74450e61645c9a9154c851fa91ae86f8d0551b73'
[    0.861195] zswap: loaded using pool lzo/zbud
[    0.864642] Key type big_key registered
[    0.866635] Key type encrypted registered
[    0.866638] AppArmor: AppArmor sha1 policy hashing enabled
[    0.866641] ima: No TPM chip found, activating TPM-bypass!
[    0.866645] ima: Allocated hash algorithm: sha1
[    0.866650] No architecture policies found
[    0.866657] evm: Initialising EVM extended attributes:
[    0.866657] evm: security.selinux
[    0.866657] evm: security.SMACK64
[    0.866658] evm: security.SMACK64EXEC
[    0.866658] evm: security.SMACK64TRANSMUTE
[    0.866658] evm: security.SMACK64MMAP
[    0.866659] evm: security.apparmor
[    0.866659] evm: security.ima
[    0.866659] evm: security.capability
[    0.866660] evm: HMAC attrs: 0x1
[    0.866966] PM:   Magic number: 12:250:729
[    0.867042] rtc_cmos rtc_cmos: setting system clock to 2020-03-07T10:42:43 UTC (1583577763)
[    0.960330] ata2.00: ATAPI: VBOX CD-ROM, 1.0, max UDMA/133
[    0.962059] scsi 1:0:0:0: CD-ROM            VBOX     CD-ROM           1.0  PQ: 0 ANSI: 5
[    0.986768] sr 1:0:0:0: [sr0] scsi3-mmc drive: 32x/32x xa/form2 tray
[    0.986771] cdrom: Uniform CD-ROM driver Revision: 3.20
[    0.987072] sr 1:0:0:0: Attached scsi CD-ROM sr0
[    0.987346] sr 1:0:0:0: Attached scsi generic sg0 type 5
[    0.990536] Freeing unused decrypted memory: 2040K
[    0.991242] Freeing unused kernel image memory: 2660K
[    0.997868] Write protecting the kernel read-only data: 22528k
[    0.998641] Freeing unused kernel image memory: 2008K
[    0.999098] Freeing unused kernel image memory: 1480K
[    1.016771] x86/mm: Checked W+X mappings: passed, no W+X pages found.
[    1.016772] x86/mm: Checking user space page tables
[    1.027339] x86/mm: Checked W+X mappings: passed, no W+X pages found.
[    1.027341] Run /init as init process
[    1.117854] ACPI: Video Device [GFX0] (multi-head: yes  rom: no  post: no)
[    1.117909] input: Video Bus as /devices/LNXSYSTM:00/LNXSYBUS:00/PNP0A03:00/LNXVIDEO:00/input/input4
[    1.132278] e1000: Intel(R) PRO/1000 Network Driver - version 7.3.21-k8-NAPI
[    1.132279] e1000: Copyright (c) 1999-2006 Intel Corporation.
[    1.135879] ahci 0000:00:0d.0: version 3.0
[    1.136466] ahci 0000:00:0d.0: SSS flag set, parallel bus scan disabled
[    1.136569] ahci 0000:00:0d.0: AHCI 0001.0100 32 slots 1 ports 3 Gbps 0x1 impl SATA mode
[    1.136570] ahci 0000:00:0d.0: flags: 64bit ncq stag only ccc 
[    1.137631] piix4_smbus 0000:00:07.0: SMBus Host Controller at 0x4100, revision 0
[    1.142334] scsi host2: ahci
[    1.142394] ata3: SATA max UDMA/133 abar m8192@0xf1806000 port 0xf1806100 irq 21
[    1.311639] usb 1-1: new full-speed USB device number 2 using ohci-pci
[    1.354701] input: ImExPS/2 Generic Explorer Mouse as /devices/platform/i8042/serio1/input/input5
[    1.459630] ata3: SATA link up 3.0 Gbps (SStatus 123 SControl 300)
[    1.459798] ata3.00: ATA-6: VBOX HARDDISK, 1.0, max UDMA/133
[    1.459799] ata3.00: 65583648 sectors, multi 128: LBA48 NCQ (depth 32)
[    1.463947] ata3.00: configured for UDMA/133
[    1.464036] scsi 2:0:0:0: Direct-Access     ATA      VBOX HARDDISK    1.0  PQ: 0 ANSI: 5
[    1.464180] sd 2:0:0:0: [sda] 65583648 512-byte logical blocks: (33.6 GB/31.3 GiB)
[    1.464186] sd 2:0:0:0: [sda] Write Protect is off
[    1.464187] sd 2:0:0:0: [sda] Mode Sense: 00 3a 00 00
[    1.464195] sd 2:0:0:0: [sda] Write cache: enabled, read cache: enabled, doesn't support DPO or FUA
[    1.464323] sd 2:0:0:0: Attached scsi generic sg1 type 0
[    1.468720]  sda: sda1
[    1.468873] sd 2:0:0:0: [sda] Attached SCSI disk
[    1.526366] e1000 0000:00:03.0 eth0: (PCI:33MHz:32-bit) 08:00:27:0b:89:b2
[    1.526371] e1000 0000:00:03.0 eth0: Intel(R) PRO/1000 Network Connection
[    1.527754] e1000 0000:00:03.0 enp0s3: renamed from eth0
[    1.646158] usb 1-1: New USB device found, idVendor=80ee, idProduct=0021, bcdDevice= 1.00
[    1.646159] usb 1-1: New USB device strings: Mfr=1, Product=3, SerialNumber=0
[    1.646160] usb 1-1: Product: USB Tablet
[    1.646161] usb 1-1: Manufacturer: VirtualBox
[    1.655370] hidraw: raw HID events driver (C) Jiri Kosina
[    1.667959] usbcore: registered new interface driver usbhid
[    1.667960] usbhid: USB HID core driver
[    1.669473] input: VirtualBox USB Tablet as /devices/pci0000:00/0000:00:06.0/usb1/1-1/1-1:1.0/0003:80EE:0021.0001/input/input6
[    1.669662] hid-generic 0003:80EE:0021.0001: input,hidraw0: USB HID v1.10 Mouse [VirtualBox USB Tablet] on usb-0000:00:06.0-1/input0
[    1.800785] EXT4-fs (sda1): mounted filesystem with ordered data mode. Opts: (null)
[    3.764874] systemd[1]: systemd 237 running in system mode. (+PAM +AUDIT +SELINUX +IMA +APPARMOR +SMACK +SYSVINIT +UTMP +LIBCRYPTSETUP +GCRYPT +GNUTLS +ACL +XZ +LZ4 +SECCOMP +BLKID +ELFUTILS +KMOD -IDN2 +IDN -PCRE2 default-hierarchy=hybrid)
[    3.764956] systemd[1]: Detected virtualization oracle.
[    3.764978] systemd[1]: Detected architecture x86-64.
[    3.790741] systemd[1]: Set hostname to <shreesha>.
[    5.942500] systemd[1]: Started Forward Password Requests to Wall Directory Watch.
[    5.942825] systemd[1]: Created slice System Slice.
[    5.942931] systemd[1]: Listening on fsck to fsckd communication Socket.
[    5.943104] systemd[1]: Created slice User and Session Slice.
[    5.943164] systemd[1]: Listening on udev Kernel Socket.
[    5.943250] systemd[1]: Listening on Journal Socket (/dev/log).
[    6.050155] EXT4-fs (sda1): re-mounted. Opts: errors=remount-ro
[    6.539263] systemd-journald[276]: Received request to flush runtime journal from PID 1
[    6.550547] Adding 1521944k swap on /swapfile.  Priority:-2 extents:5 across:1554712k FS
[    6.752397] lp: driver loaded but no devices found
[    6.813283] ppdev: user-space parallel port driver
[   10.689899] vboxguest: loading out-of-tree module taints kernel.
[   10.694713] vgdrvHeartbeatInit: Setting up heartbeat to trigger every 2000 milliseconds
[   10.695540] input: Unspecified device as /devices/pci0000:00/0000:00:04.0/input/input7
[   10.697690] vboxguest: misc device minor 55, IRQ 20, I/O port d040, MMIO at 00000000f1400000 (size 0x400000)
[   10.697698] vboxguest: Successfully loaded version 6.0.14_Ubuntu (interface 0x00010004)
[   10.784856] audit: type=1400 audit(1583577773.412:2): apparmor="STATUS" operation="profile_load" profile="unconfined" name="/sbin/dhclient" pid=403 comm="apparmor_parser"
[   10.784858] audit: type=1400 audit(1583577773.412:3): apparmor="STATUS" operation="profile_load" profile="unconfined" name="/usr/lib/NetworkManager/nm-dhcp-client.action" pid=403 comm="apparmor_parser"
[   10.784859] audit: type=1400 audit(1583577773.412:4): apparmor="STATUS" operation="profile_load" profile="unconfined" name="/usr/lib/NetworkManager/nm-dhcp-helper" pid=403 comm="apparmor_parser"
[   10.784861] audit: type=1400 audit(1583577773.412:5): apparmor="STATUS" operation="profile_load" profile="unconfined" name="/usr/lib/connman/scripts/dhclient-script" pid=403 comm="apparmor_parser"
[   11.115100] audit: type=1400 audit(1583577773.744:6): apparmor="STATUS" operation="profile_load" profile="unconfined" name="/usr/bin/evince" pid=420 comm="apparmor_parser"
[   11.115103] audit: type=1400 audit(1583577773.744:7): apparmor="STATUS" operation="profile_load" profile="unconfined" name="/usr/bin/evince//sanitized_helper" pid=420 comm="apparmor_parser"
[   11.115106] audit: type=1400 audit(1583577773.744:8): apparmor="STATUS" operation="profile_load" profile="unconfined" name="/usr/bin/evince-previewer" pid=420 comm="apparmor_parser"
[   11.115108] audit: type=1400 audit(1583577773.744:9): apparmor="STATUS" operation="profile_load" profile="unconfined" name="/usr/bin/evince-previewer//sanitized_helper" pid=420 comm="apparmor_parser"
[   11.115110] audit: type=1400 audit(1583577773.744:10): apparmor="STATUS" operation="profile_load" profile="unconfined" name="/usr/bin/evince-thumbnailer" pid=420 comm="apparmor_parser"
[   11.131003] [drm] DMA map mode: Caching DMA mappings.
[   11.131052] [drm] Capabilities:
[   11.131052] [drm]   Cursor.
[   11.131053] [drm]   Cursor bypass 2.
[   11.131053] [drm]   Alpha cursor.
[   11.131053] [drm]   3D.
[   11.131054] [drm]   Extended Fifo.
[   11.131054] [drm]   Pitchlock.
[   11.131054] [drm]   Irq mask.
[   11.131054] [drm]   GMR.
[   11.131055] [drm]   Traces.
[   11.131055] [drm]   GMR2.
[   11.131056] [drm]   Screen Object 2.
[   11.131056] [drm] Max GMR ids is 8192
[   11.131057] [drm] Max number of GMR pages is 1048576
[   11.131058] [drm] Max dedicated hypervisor surface memory is 507904 kiB
[   11.131058] [drm] Maximum display memory size is 16384 kiB
[   11.131059] [drm] VRAM at 0xf0000000 size is 16384 kiB
[   11.131059] [drm] MMIO at 0xf1000000 size is 2048 kiB
[   11.131330] [TTM] Zone  kernel: Available graphics memory: 2526444 KiB
[   11.131331] [TTM] Zone   dma32: Available graphics memory: 2097152 KiB
[   11.131331] [TTM] Initializing pool allocator
[   11.131334] [TTM] Initializing DMA pool allocator
[   11.131356] [drm] Supports vblank timestamp caching Rev 2 (21.10.2013).
[   11.131357] [drm] No driver support for vblank timestamp query.
[   11.131566] [drm] Screen Objects Display Unit initialized
[   11.131668] [drm] width 720
[   11.131679] [drm] height 400
[   11.131689] [drm] bpp 32
[   11.131835] [drm] Fifo max 0x00200000 min 0x00001000 cap 0x00000355
[   11.131842] [drm] DX: no.
[   11.131843] [drm] Atomic: yes.
[   11.131843] [drm] SM4_1: no.
[   11.141183] fbcon: svgadrmfb (fb0) is primary device
[   11.142468] Console: switching to colour frame buffer device 100x37
[   11.158873] [drm] Initialized vmwgfx 2.15.0 20180704 for 0000:00:02.0 on minor 0
[   11.205359] audit: type=1400 audit(1583577773.832:11): apparmor="STATUS" operation="profile_load" profile="unconfined" name="/usr/bin/man" pid=440 comm="apparmor_parser"
[   11.341415] RAPL PMU: API unit is 2^-32 Joules, 0 fixed counters, 10737418240 ms ovfl timer
[   11.819211] cryptd: max_cpu_qlen set to 1000
[   13.324151] AVX2 version of gcm_enc/dec engaged.
[   13.324152] AES CTR mode by8 optimization enabled
[   14.266583] snd_intel8x0 0000:00:05.0: white list rate for 1028:0177 is 48000
[   23.455658] e1000: enp0s3 NIC Link is Up 1000 Mbps Full Duplex, Flow Control: RX
[   23.455925] IPv6: ADDRCONF(NETDEV_CHANGE): enp0s3: link becomes ready
[   47.099895] rfkill: input handler disabled
[ 3225.727626] Network: module license 'unspecified' taints kernel.
[ 3225.727628] Disabling lock debugging due to kernel taint
[ 3225.727659] Network: module verification failed: signature and/or required key missing - tainting kernel

